Archive member included because of file (symbol)

c:/program files (x86)/gnu tools arm embedded/4.7 2013q3/bin/../lib/gcc/arm-none-eabi/4.7.4/armv6-m\libgcc.a(_udivsi3.o)
                              ..\obj\lpc11xx_ssp.o (__aeabi_uidiv)
c:/program files (x86)/gnu tools arm embedded/4.7 2013q3/bin/../lib/gcc/arm-none-eabi/4.7.4/armv6-m\libgcc.a(_dvmd_tls.o)
                              c:/program files (x86)/gnu tools arm embedded/4.7 2013q3/bin/../lib/gcc/arm-none-eabi/4.7.4/armv6-m\libgcc.a(_udivsi3.o) (__aeabi_idiv0)
c:/program files (x86)/gnu tools arm embedded/4.7 2013q3/bin/../lib/gcc/arm-none-eabi/4.7.4/armv6-m\libgcc.a(_aeabi_uldivmod.o)
                              ..\obj\lpc11xx_tmr.o (__aeabi_uldivmod)
c:/program files (x86)/gnu tools arm embedded/4.7 2013q3/bin/../lib/gcc/arm-none-eabi/4.7.4/armv6-m\libgcc.a(_muldi3.o)
                              ..\obj\lpc11xx_tmr.o (__aeabi_lmul)
c:/program files (x86)/gnu tools arm embedded/4.7 2013q3/bin/../lib/gcc/arm-none-eabi/4.7.4/armv6-m\libgcc.a(bpabi.o)
                              c:/program files (x86)/gnu tools arm embedded/4.7 2013q3/bin/../lib/gcc/arm-none-eabi/4.7.4/armv6-m\libgcc.a(_aeabi_uldivmod.o) (__gnu_uldivmod_helper)
c:/program files (x86)/gnu tools arm embedded/4.7 2013q3/bin/../lib/gcc/arm-none-eabi/4.7.4/armv6-m\libgcc.a(_divdi3.o)
                              c:/program files (x86)/gnu tools arm embedded/4.7 2013q3/bin/../lib/gcc/arm-none-eabi/4.7.4/armv6-m\libgcc.a(bpabi.o) (__divdi3)
c:/program files (x86)/gnu tools arm embedded/4.7 2013q3/bin/../lib/gcc/arm-none-eabi/4.7.4/armv6-m\libgcc.a(_udivdi3.o)
                              c:/program files (x86)/gnu tools arm embedded/4.7 2013q3/bin/../lib/gcc/arm-none-eabi/4.7.4/armv6-m\libgcc.a(bpabi.o) (__udivdi3)
c:/program files (x86)/gnu tools arm embedded/4.7 2013q3/bin/../lib/gcc/arm-none-eabi/4.7.4/armv6-m\libgcc.a(_clzsi2.o)
                              c:/program files (x86)/gnu tools arm embedded/4.7 2013q3/bin/../lib/gcc/arm-none-eabi/4.7.4/armv6-m\libgcc.a(_divdi3.o) (__clzsi2)

Allocating common symbols
Common symbol       size              file

I2CReadLength       0x4               ..\obj\i2c.o
I2CSlaveBuffer      0x40              ..\obj\i2c.o
xfunc_out           0x4               ..\obj\xprintf.o
accel               0x6               ..\obj\mpu9150_102.o
TimingDelay         0x4               ..\obj\systick.o
gyro                0x6               ..\obj\mpu9150_102.o
I2CMasterBuffer     0x40              ..\obj\i2c.o
I2CWriteLength      0x4               ..\obj\i2c.o
SystemTimer_ms      0x4               ..\obj\systick.o

Discarded input sections

 .text          0x00000000        0x0 ..\obj\lpc11xx_ssp.o
 .data          0x00000000        0x0 ..\obj\lpc11xx_ssp.o
 .bss           0x00000000       0x18 ..\obj\lpc11xx_ssp.o
 .text.SSP_getNum
                0x00000000       0x34 ..\obj\lpc11xx_ssp.o
 .text.SSP_IntHandler
                0x00000000      0x304 ..\obj\lpc11xx_ssp.o
 .text.SSP_SetClock
                0x00000000       0xb4 ..\obj\lpc11xx_ssp.o
 .text.SSP_DeInit
                0x00000000       0x60 ..\obj\lpc11xx_ssp.o
 .text.SSP_SSP0PinsInit
                0x00000000       0x74 ..\obj\lpc11xx_ssp.o
 .text.SSP_SSP1PinsInit
                0x00000000       0x3c ..\obj\lpc11xx_ssp.o
 .text.SSP_Init
                0x00000000       0xc0 ..\obj\lpc11xx_ssp.o
 .text.SSP_ConfigStructInit
                0x00000000       0x38 ..\obj\lpc11xx_ssp.o
 .text.SSP_Cmd  0x00000000       0x38 ..\obj\lpc11xx_ssp.o
 .text.SSP_LoopBackCmd
                0x00000000       0x38 ..\obj\lpc11xx_ssp.o
 .text.SSP_SlaveOutputCmd
                0x00000000       0x38 ..\obj\lpc11xx_ssp.o
 .text.SSP_SendData
                0x00000000       0x1c ..\obj\lpc11xx_ssp.o
 .text.SSP_ReceiveData
                0x00000000       0x18 ..\obj\lpc11xx_ssp.o
 .text.SSP_ReadWrite
                0x00000000      0x3cc ..\obj\lpc11xx_ssp.o
 .text.SSP_GetStatus
                0x00000000       0x20 ..\obj\lpc11xx_ssp.o
 .text.SSP_IntConfig
                0x00000000       0x3c ..\obj\lpc11xx_ssp.o
 .text.SSP_GetRawIntStatus
                0x00000000       0x20 ..\obj\lpc11xx_ssp.o
 .text.SSP_GetIntStatus
                0x00000000       0x20 ..\obj\lpc11xx_ssp.o
 .text.SSP_ClearIntPending
                0x00000000       0x18 ..\obj\lpc11xx_ssp.o
 .text.SSP0_StdIntHandler
                0x00000000       0x1c ..\obj\lpc11xx_ssp.o
 .text.SSP1_StdIntHandler
                0x00000000       0x1c ..\obj\lpc11xx_ssp.o
 .debug_info    0x00000000      0xb4a ..\obj\lpc11xx_ssp.o
 .debug_abbrev  0x00000000      0x203 ..\obj\lpc11xx_ssp.o
 .debug_loc     0x00000000      0x480 ..\obj\lpc11xx_ssp.o
 .debug_aranges
                0x00000000       0xc0 ..\obj\lpc11xx_ssp.o
 .debug_ranges  0x00000000       0xb0 ..\obj\lpc11xx_ssp.o
 .debug_line    0x00000000      0x529 ..\obj\lpc11xx_ssp.o
 .debug_str     0x00000000      0x69b ..\obj\lpc11xx_ssp.o
 .comment       0x00000000       0x71 ..\obj\lpc11xx_ssp.o
 .ARM.attributes
                0x00000000       0x31 ..\obj\lpc11xx_ssp.o
 .debug_frame   0x00000000      0x2a8 ..\obj\lpc11xx_ssp.o
 .text          0x00000000        0x0 ..\obj\spi.o
 .data          0x00000000        0x0 ..\obj\spi.o
 .bss           0x00000000        0x0 ..\obj\spi.o
 .text.SPI_Init
                0x00000000       0xa0 ..\obj\spi.o
 .text.SPI_Xmit
                0x00000000       0x3c ..\obj\spi.o
 .debug_info    0x00000000      0x525 ..\obj\spi.o
 .debug_abbrev  0x00000000      0x113 ..\obj\spi.o
 .debug_loc     0x00000000       0x70 ..\obj\spi.o
 .debug_aranges
                0x00000000       0x28 ..\obj\spi.o
 .debug_ranges  0x00000000       0x18 ..\obj\spi.o
 .debug_line    0x00000000      0x25f ..\obj\spi.o
 .debug_str     0x00000000      0x3f3 ..\obj\spi.o
 .comment       0x00000000       0x71 ..\obj\spi.o
 .ARM.attributes
                0x00000000       0x31 ..\obj\spi.o
 .debug_frame   0x00000000       0x50 ..\obj\spi.o
 .text          0x00000000        0x0 ..\obj\i2c.o
 .data          0x00000000        0x0 ..\obj\i2c.o
 .text.I2CStart
                0x00000000       0x4c ..\obj\i2c.o
 .text.I2CStop  0x00000000       0x2c ..\obj\i2c.o
 .text          0x00000000        0x0 ..\obj\mpu9150_101.o
 .data          0x00000000        0x0 ..\obj\mpu9150_101.o
 .bss           0x00000000        0x0 ..\obj\mpu9150_101.o
 .debug_line    0x00000000        0x0 ..\obj\mpu9150_101.o
 .comment       0x00000000       0x71 ..\obj\mpu9150_101.o
 .ARM.attributes
                0x00000000       0x31 ..\obj\mpu9150_101.o
 .text          0x00000000        0x0 ..\obj\mpu9150_102.o
 .bss           0x00000000        0x4 ..\obj\mpu9150_102.o
 .text.MPU9150_MyAddr_Read
                0x00000000       0x44 ..\obj\mpu9150_102.o
 .text          0x00000000        0x0 ..\obj\lpc11xx_uart.o
 .data          0x00000000        0x0 ..\obj\lpc11xx_uart.o
 .bss           0x00000000       0x44 ..\obj\lpc11xx_uart.o
 .text.getUartNum
                0x00000000       0x24 ..\obj\lpc11xx_uart.o
 .text.UART_GenIntHandler
                0x00000000      0x18c ..\obj\lpc11xx_uart.o
 .text.UART_DeInit
                0x00000000       0x24 ..\obj\lpc11xx_uart.o
 .text.UART_PinsInit
                0x00000000       0x18 ..\obj\lpc11xx_uart.o
 .text.UART_ModePinsInit
                0x00000000       0x4c ..\obj\lpc11xx_uart.o
 .text.UART_Init
                0x00000000      0x154 ..\obj\lpc11xx_uart.o
 .text.UART_ConfigStructInit
                0x00000000       0x28 ..\obj\lpc11xx_uart.o
 .text.UART_SendData
                0x00000000       0x1c ..\obj\lpc11xx_uart.o
 .text.UART_ReceiveData
                0x00000000       0x18 ..\obj\lpc11xx_uart.o
 .text.UART_ForceBreak
                0x00000000       0x1c ..\obj\lpc11xx_uart.o
 .text.UART_IntConfig
                0x00000000       0x80 ..\obj\lpc11xx_uart.o
 .rodata        0x00000000       0x28 ..\obj\lpc11xx_uart.o
 .text.UART_GetLineStatus
                0x00000000       0x18 ..\obj\lpc11xx_uart.o
 .text.UART_CheckBusy
                0x00000000       0x20 ..\obj\lpc11xx_uart.o
 .text.UART_FIFOConfig
                0x00000000       0xc0 ..\obj\lpc11xx_uart.o
 .text.UART_FIFOConfigStructInit
                0x00000000       0x20 ..\obj\lpc11xx_uart.o
 .text.UART_ABCmd
                0x00000000       0x88 ..\obj\lpc11xx_uart.o
 .text.UART_TxCmd
                0x00000000       0x34 ..\obj\lpc11xx_uart.o
 .text.UART_FullModemForcePinState
                0x00000000       0x74 ..\obj\lpc11xx_uart.o
 .text.UART_FullModemConfigMode
                0x00000000       0x78 ..\obj\lpc11xx_uart.o
 .text.UART_FullModemGetStatus
                0x00000000       0x18 ..\obj\lpc11xx_uart.o
 .text.UART_RS485Config
                0x00000000       0xa0 ..\obj\lpc11xx_uart.o
 .text.UART_RS485ReceiverCmd
                0x00000000       0x3c ..\obj\lpc11xx_uart.o
 .text.UART_RS485Send
                0x00000000       0xa4 ..\obj\lpc11xx_uart.o
 .text.UART_RS485SendSlvAddr
                0x00000000       0x24 ..\obj\lpc11xx_uart.o
 .text.UART_RS485SendData
                0x00000000       0x28 ..\obj\lpc11xx_uart.o
 .text.UART_Send
                0x00000000       0xf0 ..\obj\lpc11xx_uart.o
 .text.UART_Receive
                0x00000000       0xc4 ..\obj\lpc11xx_uart.o
 .text.UART_SetupCbs
                0x00000000       0xa0 ..\obj\lpc11xx_uart.o
 .text.UART_StdIntHandler
                0x00000000       0x14 ..\obj\lpc11xx_uart.o
 .text          0x00000000        0x0 ..\obj\rs485.o
 .data          0x00000000        0x0 ..\obj\rs485.o
 .bss           0x00000000        0x0 ..\obj\rs485.o
 .text.NVIC_DisableIRQ
                0x00000000       0x30 ..\obj\rs485.o
 .text.RS485_Config
                0x00000000      0x10c ..\obj\rs485.o
 .text.RS485_SendAddr
                0x00000000       0x48 ..\obj\rs485.o
 .text          0x00000000        0x0 ..\obj\uart.o
 .data          0x00000000        0x0 ..\obj\uart.o
 .bss           0x00000000        0x0 ..\obj\uart.o
 .text.SCI_Init
                0x00000000       0x54 ..\obj\uart.o
 .text.SCI_PutChar
                0x00000000       0x2c ..\obj\uart.o
 .text.SCI_GetChar
                0x00000000       0x20 ..\obj\uart.o
 .debug_info    0x00000000      0x37c ..\obj\uart.o
 .debug_abbrev  0x00000000      0x141 ..\obj\uart.o
 .debug_loc     0x00000000       0x9c ..\obj\uart.o
 .debug_aranges
                0x00000000       0x30 ..\obj\uart.o
 .debug_ranges  0x00000000       0x20 ..\obj\uart.o
 .debug_line    0x00000000      0x25f ..\obj\uart.o
 .debug_str     0x00000000      0x2e7 ..\obj\uart.o
 .comment       0x00000000       0x71 ..\obj\uart.o
 .ARM.attributes
                0x00000000       0x31 ..\obj\uart.o
 .debug_frame   0x00000000       0x6c ..\obj\uart.o
 .text          0x00000000        0x0 ..\obj\system_LPC11xx.o
 .bss           0x00000000        0x0 ..\obj\system_LPC11xx.o
 .text          0x00000000        0x0 ..\obj\lpc11xx_tmr.o
 .data          0x00000000        0x0 ..\obj\lpc11xx_tmr.o
 .bss           0x00000000        0x0 ..\obj\lpc11xx_tmr.o
 .text.TIM_ConverUSecToVal
                0x00000000       0x58 ..\obj\lpc11xx_tmr.o
 .text.TIM_GetIntStatus
                0x00000000       0x30 ..\obj\lpc11xx_tmr.o
 .text.TIM_ClearIntPending
                0x00000000       0x28 ..\obj\lpc11xx_tmr.o
 .text.TIM_Cmd  0x00000000       0x3c ..\obj\lpc11xx_tmr.o
 .text.TIM_ResetCounter
                0x00000000       0x2c ..\obj\lpc11xx_tmr.o
 .text.TIM_DeInit
                0x00000000       0x78 ..\obj\lpc11xx_tmr.o
 .text.TIM_Init
                0x00000000      0x12c ..\obj\lpc11xx_tmr.o
 .text.TIM_ConfigStructInit
                0x00000000       0x38 ..\obj\lpc11xx_tmr.o
 .text.TIM_ConfigMatch
                0x00000000      0x12c ..\obj\lpc11xx_tmr.o
 .text.TIM_ConfigCapture
                0x00000000       0x5c ..\obj\lpc11xx_tmr.o
 .text.TIM_GetCaptureValue
                0x00000000       0x38 ..\obj\lpc11xx_tmr.o
 .text.TIM_CapturePins
                0x00000000       0x64 ..\obj\lpc11xx_tmr.o
 .text.TIM_MatchPins
                0x00000000      0x130 ..\obj\lpc11xx_tmr.o
 .debug_info    0x00000000      0x9f7 ..\obj\lpc11xx_tmr.o
 .debug_abbrev  0x00000000      0x206 ..\obj\lpc11xx_tmr.o
 .debug_loc     0x00000000      0x2d8 ..\obj\lpc11xx_tmr.o
 .debug_aranges
                0x00000000       0x80 ..\obj\lpc11xx_tmr.o
 .debug_ranges  0x00000000       0x70 ..\obj\lpc11xx_tmr.o
 .debug_line    0x00000000      0x3a2 ..\obj\lpc11xx_tmr.o
 .debug_str     0x00000000      0x6b0 ..\obj\lpc11xx_tmr.o
 .comment       0x00000000       0x71 ..\obj\lpc11xx_tmr.o
 .ARM.attributes
                0x00000000       0x31 ..\obj\lpc11xx_tmr.o
 .debug_frame   0x00000000      0x1b0 ..\obj\lpc11xx_tmr.o
 .text          0x00000000        0x0 ..\obj\lpc11xx_gpio.o
 .data          0x00000000        0x0 ..\obj\lpc11xx_gpio.o
 .bss           0x00000000        0x0 ..\obj\lpc11xx_gpio.o
 .text.NVIC_EnableIRQ
                0x00000000       0x2c ..\obj\lpc11xx_gpio.o
 .text.NVIC_DisableIRQ
                0x00000000       0x30 ..\obj\lpc11xx_gpio.o
 .text.GPIO_SetBits
                0x00000000       0x34 ..\obj\lpc11xx_gpio.o
 .text.GPIO_ResetBits
                0x00000000       0x30 ..\obj\lpc11xx_gpio.o
 .text.GPIO_ReadInput
                0x00000000       0x30 ..\obj\lpc11xx_gpio.o
 .text.GPIO_ReadInputPin
                0x00000000       0x54 ..\obj\lpc11xx_gpio.o
 .text.GPIO_EventInit
                0x00000000      0x140 ..\obj\lpc11xx_gpio.o
 .text.GPIO_GetEventStatus
                0x00000000       0x30 ..\obj\lpc11xx_gpio.o
 .text.GPIO_GetIntStatus
                0x00000000       0x30 ..\obj\lpc11xx_gpio.o
 .text.GPIO_ClearInt
                0x00000000       0x34 ..\obj\lpc11xx_gpio.o
 .text.GPIO_PortIntCmd
                0x00000000       0x84 ..\obj\lpc11xx_gpio.o
 .text          0x00000000        0x0 ..\obj\xprintf.o
 .data          0x00000000        0x0 ..\obj\xprintf.o
 .bss           0x00000000        0x4 ..\obj\xprintf.o
 .text.xputc    0x00000000       0x58 ..\obj\xprintf.o
 .text.xputs    0x00000000       0x28 ..\obj\xprintf.o
 .text.xfputs   0x00000000       0x40 ..\obj\xprintf.o
 .text.xvprintf
                0x00000000      0x358 ..\obj\xprintf.o
 .rodata        0x00000000       0x7c ..\obj\xprintf.o
 .text.xprintf  0x00000000       0x28 ..\obj\xprintf.o
 .text.xsprintf
                0x00000000       0x40 ..\obj\xprintf.o
 .text.xfprintf
                0x00000000       0x40 ..\obj\xprintf.o
 .text.put_dump
                0x00000000      0x100 ..\obj\xprintf.o
 .debug_info    0x00000000      0x3a4 ..\obj\xprintf.o
 .debug_abbrev  0x00000000      0x117 ..\obj\xprintf.o
 .debug_loc     0x00000000      0x1e6 ..\obj\xprintf.o
 .debug_aranges
                0x00000000       0x58 ..\obj\xprintf.o
 .debug_ranges  0x00000000       0x48 ..\obj\xprintf.o
 .debug_line    0x00000000      0x2f7 ..\obj\xprintf.o
 .debug_str     0x00000000      0x1ff ..\obj\xprintf.o
 .comment       0x00000000       0x71 ..\obj\xprintf.o
 .ARM.attributes
                0x00000000       0x31 ..\obj\xprintf.o
 .debug_frame   0x00000000      0x110 ..\obj\xprintf.o
 COMMON         0x00000000        0x4 ..\obj\xprintf.o
 .text          0x00000000        0x0 ..\obj\lpc11xx_syscon.o
 .data          0x00000000        0x0 ..\obj\lpc11xx_syscon.o
 .bss           0x00000000        0x0 ..\obj\lpc11xx_syscon.o
 .text.SYSCON_MemRemap
                0x00000000       0x18 ..\obj\lpc11xx_syscon.o
 .text.SYSCON_GetLockStatus
                0x00000000       0x34 ..\obj\lpc11xx_syscon.o
 .text.SYSCON_PLLClkSel
                0x00000000       0x18 ..\obj\lpc11xx_syscon.o
 .text.SYSCON_PLLUpdate
                0x00000000       0x2c ..\obj\lpc11xx_syscon.o
 .text.SYSCON_PLLConfig
                0x00000000       0x60 ..\obj\lpc11xx_syscon.o
 .text.SYSCON_PeriphResetCmd
                0x00000000       0x4c ..\obj\lpc11xx_syscon.o
 .text.SYSCON_MCKSel
                0x00000000       0x18 ..\obj\lpc11xx_syscon.o
 .text.SYSCON_MCKUpdate
                0x00000000       0x2c ..\obj\lpc11xx_syscon.o
 .text.SYSCON_SetAHBClockDiv
                0x00000000       0x18 ..\obj\lpc11xx_syscon.o
 .text.SYSCON_SetSPI0ClockDiv
                0x00000000       0x1c ..\obj\lpc11xx_syscon.o
 .text.SYSCON_SetSPI1ClockDiv
                0x00000000       0x1c ..\obj\lpc11xx_syscon.o
 .text.SYSCON_SetUARTClockDiv
                0x00000000       0x1c ..\obj\lpc11xx_syscon.o
 .text.SYSCON_SetWDTClockDiv
                0x00000000       0x1c ..\obj\lpc11xx_syscon.o
 .text.SYSCON_SetCLKOUTClockDiv
                0x00000000       0x1c ..\obj\lpc11xx_syscon.o
 .text.SysOscConfig
                0x00000000       0x40 ..\obj\lpc11xx_syscon.o
 .text.SYSCON_WDTOscConfig
                0x00000000       0x20 ..\obj\lpc11xx_syscon.o
 .text.SYSCON_WDTClkSel
                0x00000000       0x1c ..\obj\lpc11xx_syscon.o
 .text.SYSCON_WDTClkUpdate
                0x00000000       0x34 ..\obj\lpc11xx_syscon.o
 .text.SYSCON_CLKOUTClkSel
                0x00000000       0x20 ..\obj\lpc11xx_syscon.o
 .text.SYSCON_CLKOUTClkDiv
                0x00000000       0x1c ..\obj\lpc11xx_syscon.o
 .text.SYSCON_CLKOUTClkUpdate
                0x00000000       0x34 ..\obj\lpc11xx_syscon.o
 .text.SYSCON_GetPIORstState
                0x00000000      0x10c ..\obj\lpc11xx_syscon.o
 .text.SYSCON_PowerCon
                0x00000000       0x68 ..\obj\lpc11xx_syscon.o
 .text.SYSCON_GetPowerSta
                0x00000000       0x48 ..\obj\lpc11xx_syscon.o
 .text.SYSCON_DeepSleepPowerCon
                0x00000000       0x68 ..\obj\lpc11xx_syscon.o
 .text.SYSCON_WakeupPowerCon
                0x00000000       0x68 ..\obj\lpc11xx_syscon.o
 .text.SYSCON_GetWDTOsc
                0x00000000       0xe8 ..\obj\lpc11xx_syscon.o
 .rodata        0x00000000       0x40 ..\obj\lpc11xx_syscon.o
 .text.SYSCON_StartLogicEdge
                0x00000000       0x5c ..\obj\lpc11xx_syscon.o
 .text.SYSCON_StartLogicCmd
                0x00000000       0x5c ..\obj\lpc11xx_syscon.o
 .text.SYSCON_StartLogicReset
                0x00000000       0x20 ..\obj\lpc11xx_syscon.o
 .text.SYSCON_StartLogicStatus
                0x00000000       0x1c ..\obj\lpc11xx_syscon.o
 .text.SYSCON_GetWDTClock
                0x00000000       0x7c ..\obj\lpc11xx_syscon.o
 .text.SYSCON_GetSSPClock
                0x00000000       0x5c ..\obj\lpc11xx_syscon.o
 .text          0x00000000        0x0 ..\obj\lpc11xx_iocon.o
 .data          0x00000000        0x0 ..\obj\lpc11xx_iocon.o
 .bss           0x00000000        0x0 ..\obj\lpc11xx_iocon.o
 .text.IOCON_SCK0Locate
                0x00000000       0x20 ..\obj\lpc11xx_iocon.o
 .text.IOCON_DSRLocate
                0x00000000       0x20 ..\obj\lpc11xx_iocon.o
 .text.IOCON_DCDLocate
                0x00000000       0x20 ..\obj\lpc11xx_iocon.o
 .text.IOCON_RILocate
                0x00000000       0x20 ..\obj\lpc11xx_iocon.o
 .text.IOCON_SetPinHys
                0x00000000       0x48 ..\obj\lpc11xx_iocon.o
 .text.IOCON_SetI2CMode
                0x00000000       0x4c ..\obj\lpc11xx_iocon.o
 .text          0x00000000        0x0 ..\obj\adc.o
 .data          0x00000000        0x0 ..\obj\adc.o
 .bss           0x00000000        0x0 ..\obj\adc.o
 .text.ADC_InitNormalMode
                0x00000000       0x28 ..\obj\adc.o
 .text.ADC_Read
                0x00000000       0x8c ..\obj\adc.o
 .debug_info    0x00000000      0x1d8 ..\obj\adc.o
 .debug_abbrev  0x00000000       0xf4 ..\obj\adc.o
 .debug_loc     0x00000000       0x64 ..\obj\adc.o
 .debug_aranges
                0x00000000       0x28 ..\obj\adc.o
 .debug_ranges  0x00000000       0x18 ..\obj\adc.o
 .debug_line    0x00000000      0x2a7 ..\obj\adc.o
 .debug_str     0x00000000      0x1a5 ..\obj\adc.o
 .comment       0x00000000       0x71 ..\obj\adc.o
 .ARM.attributes
                0x00000000       0x31 ..\obj\adc.o
 .debug_frame   0x00000000       0x4c ..\obj\adc.o
 .text          0x00000000        0x0 ..\obj\lpc11xx_adc.o
 .data          0x00000000        0x0 ..\obj\lpc11xx_adc.o
 .bss           0x00000000        0x0 ..\obj\lpc11xx_adc.o
 .text.ADC_Init
                0x00000000       0x58 ..\obj\lpc11xx_adc.o
 .text.ADC_DeInit
                0x00000000       0x1c ..\obj\lpc11xx_adc.o
 .text.ADC_GetData
                0x00000000       0x28 ..\obj\lpc11xx_adc.o
 .text.ADC_StartCmd
                0x00000000       0x38 ..\obj\lpc11xx_adc.o
 .text.ADC_BurstCmd
                0x00000000       0x3c ..\obj\lpc11xx_adc.o
 .text.ADC_SetConvClock
                0x00000000       0x40 ..\obj\lpc11xx_adc.o
 .text.ADC_EdgeStartConfig
                0x00000000       0x3c ..\obj\lpc11xx_adc.o
 .text.ADC_IntConfig
                0x00000000       0x54 ..\obj\lpc11xx_adc.o
 .text.ADC_ChannelCmd
                0x00000000       0x54 ..\obj\lpc11xx_adc.o
 .text.ADC_PinsInit
                0x00000000       0xb4 ..\obj\lpc11xx_adc.o
 .rodata        0x00000000       0x20 ..\obj\lpc11xx_adc.o
 .text.ADC_ChannelGetData
                0x00000000       0x34 ..\obj\lpc11xx_adc.o
 .text.ADC_ChannelGetStatus
                0x00000000       0x50 ..\obj\lpc11xx_adc.o
 .text.ADC_GlobalGetData
                0x00000000       0x1c ..\obj\lpc11xx_adc.o
 .text.ADC_GlobalGetStatus
                0x00000000       0x40 ..\obj\lpc11xx_adc.o
 .debug_info    0x00000000      0x7d9 ..\obj\lpc11xx_adc.o
 .debug_abbrev  0x00000000      0x1c4 ..\obj\lpc11xx_adc.o
 .debug_loc     0x00000000      0x2f8 ..\obj\lpc11xx_adc.o
 .debug_aranges
                0x00000000       0x88 ..\obj\lpc11xx_adc.o
 .debug_ranges  0x00000000       0x78 ..\obj\lpc11xx_adc.o
 .debug_line    0x00000000      0x374 ..\obj\lpc11xx_adc.o
 .debug_str     0x00000000      0x5a8 ..\obj\lpc11xx_adc.o
 .comment       0x00000000       0x71 ..\obj\lpc11xx_adc.o
 .ARM.attributes
                0x00000000       0x31 ..\obj\lpc11xx_adc.o
 .debug_frame   0x00000000      0x1c8 ..\obj\lpc11xx_adc.o
 .text          0x00000000        0x0 ..\obj\startup_lpc11xx.o
 .data          0x00000000        0x0 ..\obj\startup_lpc11xx.o
 .bss           0x00000000        0x0 ..\obj\startup_lpc11xx.o
 .text          0x00000000        0x0 ..\obj\main100.o
 .data          0x00000000        0x0 ..\obj\main100.o
 .bss           0x00000000        0x0 ..\obj\main100.o
 .debug_line    0x00000000        0x0 ..\obj\main100.o
 .comment       0x00000000       0x71 ..\obj\main100.o
 .ARM.attributes
                0x00000000       0x31 ..\obj\main100.o
 .text          0x00000000        0x0 ..\obj\xa_s.o
 .data          0x00000000        0x0 ..\obj\xa_s.o
 .bss           0x00000000        0x0 ..\obj\xa_s.o
 .text          0x00000000        0x0 ..\obj\main101.o
 .data          0x00000000        0x0 ..\obj\main101.o
 .bss           0x00000000        0x0 ..\obj\main101.o
 .debug_line    0x00000000        0x0 ..\obj\main101.o
 .comment       0x00000000       0x71 ..\obj\main101.o
 .ARM.attributes
                0x00000000       0x31 ..\obj\main101.o
 .text          0x00000000        0x0 ..\obj\main102.o
 .data          0x00000000        0x0 ..\obj\main102.o
 .bss           0x00000000        0x0 ..\obj\main102.o
 .text          0x00000000        0x0 ..\obj\oled_SSD1306.o
 .data          0x00000000        0x0 ..\obj\oled_SSD1306.o
 .bss           0x00000000        0x8 ..\obj\oled_SSD1306.o
 .rodata        0x00000000      0x300 ..\obj\oled_SSD1306.o
 .text.OLED_WriteCommand
                0x00000000       0x44 ..\obj\oled_SSD1306.o
 .text.OLED_WriteData
                0x00000000       0x44 ..\obj\oled_SSD1306.o
 .text.OLED_Init
                0x00000000       0xbc ..\obj\oled_SSD1306.o
 .text.OLED_Clear
                0x00000000       0x64 ..\obj\oled_SSD1306.o
 .text.OLED_Pixel
                0x00000000       0x8c ..\obj\oled_SSD1306.o
 .text.OLED_Pos
                0x00000000       0x68 ..\obj\oled_SSD1306.o
 .text.OLED_Locate
                0x00000000       0x24 ..\obj\oled_SSD1306.o
 .text.OLED_DrawChar
                0x00000000       0xcc ..\obj\oled_SSD1306.o
 .text.OLED_DrawLine
                0x00000000      0x1cc ..\obj\oled_SSD1306.o
 .debug_info    0x00000000      0x3fd ..\obj\oled_SSD1306.o
 .debug_abbrev  0x00000000      0x139 ..\obj\oled_SSD1306.o
 .debug_loc     0x00000000      0x1ec ..\obj\oled_SSD1306.o
 .debug_aranges
                0x00000000       0x60 ..\obj\oled_SSD1306.o
 .debug_ranges  0x00000000       0x50 ..\obj\oled_SSD1306.o
 .debug_line    0x00000000      0x34c ..\obj\oled_SSD1306.o
 .debug_str     0x00000000      0x25b ..\obj\oled_SSD1306.o
 .comment       0x00000000       0x71 ..\obj\oled_SSD1306.o
 .ARM.attributes
                0x00000000       0x31 ..\obj\oled_SSD1306.o
 .debug_frame   0x00000000      0x12c ..\obj\oled_SSD1306.o
 .text          0x00000000        0x0 ..\obj\systick.o
 .data          0x00000000        0x0 ..\obj\systick.o
 .bss           0x00000000        0x0 ..\obj\systick.o
 .text.Delay    0x00000000       0x1c ..\obj\systick.o
 .data          0x00000000        0x0 c:/program files (x86)/gnu tools arm embedded/4.7 2013q3/bin/../lib/gcc/arm-none-eabi/4.7.4/armv6-m\libgcc.a(_udivsi3.o)
 .bss           0x00000000        0x0 c:/program files (x86)/gnu tools arm embedded/4.7 2013q3/bin/../lib/gcc/arm-none-eabi/4.7.4/armv6-m\libgcc.a(_udivsi3.o)
 .data          0x00000000        0x0 c:/program files (x86)/gnu tools arm embedded/4.7 2013q3/bin/../lib/gcc/arm-none-eabi/4.7.4/armv6-m\libgcc.a(_dvmd_tls.o)
 .bss           0x00000000        0x0 c:/program files (x86)/gnu tools arm embedded/4.7 2013q3/bin/../lib/gcc/arm-none-eabi/4.7.4/armv6-m\libgcc.a(_dvmd_tls.o)
 .text          0x00000000       0x40 c:/program files (x86)/gnu tools arm embedded/4.7 2013q3/bin/../lib/gcc/arm-none-eabi/4.7.4/armv6-m\libgcc.a(_aeabi_uldivmod.o)
 .data          0x00000000        0x0 c:/program files (x86)/gnu tools arm embedded/4.7 2013q3/bin/../lib/gcc/arm-none-eabi/4.7.4/armv6-m\libgcc.a(_aeabi_uldivmod.o)
 .bss           0x00000000        0x0 c:/program files (x86)/gnu tools arm embedded/4.7 2013q3/bin/../lib/gcc/arm-none-eabi/4.7.4/armv6-m\libgcc.a(_aeabi_uldivmod.o)
 .ARM.attributes
                0x00000000       0x1e c:/program files (x86)/gnu tools arm embedded/4.7 2013q3/bin/../lib/gcc/arm-none-eabi/4.7.4/armv6-m\libgcc.a(_aeabi_uldivmod.o)
 .text          0x00000000       0x44 c:/program files (x86)/gnu tools arm embedded/4.7 2013q3/bin/../lib/gcc/arm-none-eabi/4.7.4/armv6-m\libgcc.a(_muldi3.o)
 .data          0x00000000        0x0 c:/program files (x86)/gnu tools arm embedded/4.7 2013q3/bin/../lib/gcc/arm-none-eabi/4.7.4/armv6-m\libgcc.a(_muldi3.o)
 .bss           0x00000000        0x0 c:/program files (x86)/gnu tools arm embedded/4.7 2013q3/bin/../lib/gcc/arm-none-eabi/4.7.4/armv6-m\libgcc.a(_muldi3.o)
 .ARM.attributes
                0x00000000       0x2c c:/program files (x86)/gnu tools arm embedded/4.7 2013q3/bin/../lib/gcc/arm-none-eabi/4.7.4/armv6-m\libgcc.a(_muldi3.o)
 .debug_frame   0x00000000       0x30 c:/program files (x86)/gnu tools arm embedded/4.7 2013q3/bin/../lib/gcc/arm-none-eabi/4.7.4/armv6-m\libgcc.a(_muldi3.o)
 .text          0x00000000       0x74 c:/program files (x86)/gnu tools arm embedded/4.7 2013q3/bin/../lib/gcc/arm-none-eabi/4.7.4/armv6-m\libgcc.a(bpabi.o)
 .data          0x00000000        0x0 c:/program files (x86)/gnu tools arm embedded/4.7 2013q3/bin/../lib/gcc/arm-none-eabi/4.7.4/armv6-m\libgcc.a(bpabi.o)
 .bss           0x00000000        0x0 c:/program files (x86)/gnu tools arm embedded/4.7 2013q3/bin/../lib/gcc/arm-none-eabi/4.7.4/armv6-m\libgcc.a(bpabi.o)
 .ARM.attributes
                0x00000000       0x2c c:/program files (x86)/gnu tools arm embedded/4.7 2013q3/bin/../lib/gcc/arm-none-eabi/4.7.4/armv6-m\libgcc.a(bpabi.o)
 .debug_frame   0x00000000       0x60 c:/program files (x86)/gnu tools arm embedded/4.7 2013q3/bin/../lib/gcc/arm-none-eabi/4.7.4/armv6-m\libgcc.a(bpabi.o)
 .text          0x00000000      0x3d0 c:/program files (x86)/gnu tools arm embedded/4.7 2013q3/bin/../lib/gcc/arm-none-eabi/4.7.4/armv6-m\libgcc.a(_divdi3.o)
 .data          0x00000000        0x0 c:/program files (x86)/gnu tools arm embedded/4.7 2013q3/bin/../lib/gcc/arm-none-eabi/4.7.4/armv6-m\libgcc.a(_divdi3.o)
 .bss           0x00000000        0x0 c:/program files (x86)/gnu tools arm embedded/4.7 2013q3/bin/../lib/gcc/arm-none-eabi/4.7.4/armv6-m\libgcc.a(_divdi3.o)
 .ARM.extab     0x00000000        0x0 c:/program files (x86)/gnu tools arm embedded/4.7 2013q3/bin/../lib/gcc/arm-none-eabi/4.7.4/armv6-m\libgcc.a(_divdi3.o)
 .ARM.exidx     0x00000000        0x8 c:/program files (x86)/gnu tools arm embedded/4.7 2013q3/bin/../lib/gcc/arm-none-eabi/4.7.4/armv6-m\libgcc.a(_divdi3.o)
 .ARM.attributes
                0x00000000       0x2c c:/program files (x86)/gnu tools arm embedded/4.7 2013q3/bin/../lib/gcc/arm-none-eabi/4.7.4/armv6-m\libgcc.a(_divdi3.o)
 .debug_frame   0x00000000       0x3c c:/program files (x86)/gnu tools arm embedded/4.7 2013q3/bin/../lib/gcc/arm-none-eabi/4.7.4/armv6-m\libgcc.a(_divdi3.o)
 .text          0x00000000      0x38c c:/program files (x86)/gnu tools arm embedded/4.7 2013q3/bin/../lib/gcc/arm-none-eabi/4.7.4/armv6-m\libgcc.a(_udivdi3.o)
 .data          0x00000000        0x0 c:/program files (x86)/gnu tools arm embedded/4.7 2013q3/bin/../lib/gcc/arm-none-eabi/4.7.4/armv6-m\libgcc.a(_udivdi3.o)
 .bss           0x00000000        0x0 c:/program files (x86)/gnu tools arm embedded/4.7 2013q3/bin/../lib/gcc/arm-none-eabi/4.7.4/armv6-m\libgcc.a(_udivdi3.o)
 .ARM.extab     0x00000000        0x0 c:/program files (x86)/gnu tools arm embedded/4.7 2013q3/bin/../lib/gcc/arm-none-eabi/4.7.4/armv6-m\libgcc.a(_udivdi3.o)
 .ARM.exidx     0x00000000        0x8 c:/program files (x86)/gnu tools arm embedded/4.7 2013q3/bin/../lib/gcc/arm-none-eabi/4.7.4/armv6-m\libgcc.a(_udivdi3.o)
 .ARM.attributes
                0x00000000       0x2c c:/program files (x86)/gnu tools arm embedded/4.7 2013q3/bin/../lib/gcc/arm-none-eabi/4.7.4/armv6-m\libgcc.a(_udivdi3.o)
 .debug_frame   0x00000000       0x3c c:/program files (x86)/gnu tools arm embedded/4.7 2013q3/bin/../lib/gcc/arm-none-eabi/4.7.4/armv6-m\libgcc.a(_udivdi3.o)
 .text          0x00000000       0x3c c:/program files (x86)/gnu tools arm embedded/4.7 2013q3/bin/../lib/gcc/arm-none-eabi/4.7.4/armv6-m\libgcc.a(_clzsi2.o)
 .data          0x00000000        0x0 c:/program files (x86)/gnu tools arm embedded/4.7 2013q3/bin/../lib/gcc/arm-none-eabi/4.7.4/armv6-m\libgcc.a(_clzsi2.o)
 .bss           0x00000000        0x0 c:/program files (x86)/gnu tools arm embedded/4.7 2013q3/bin/../lib/gcc/arm-none-eabi/4.7.4/armv6-m\libgcc.a(_clzsi2.o)
 .ARM.attributes
                0x00000000       0x1e c:/program files (x86)/gnu tools arm embedded/4.7 2013q3/bin/../lib/gcc/arm-none-eabi/4.7.4/armv6-m\libgcc.a(_clzsi2.o)

Memory Configuration

Name             Origin             Length             Attributes
rom              0x00000000         0x00008000         xr
ram              0x10000000         0x00001000         xrw
*default*        0x00000000         0xffffffff

Linker script and memory map

                0x10001000                _eram = 0x10001000

.text           0x00000000     0x1668
 *(.isr_vector .isr_vector.*)
 .isr_vector    0x00000000       0xc0 ..\obj\startup_lpc11xx.o
                0x00000000                g_pfnVectors
 *(.text .text.* .gnu.linkonce.t.*)
 .text.NVIC_EnableIRQ
                0x000000c0       0x2c ..\obj\i2c.o
 .text.I2C_IRQHandler
                0x000000ec      0x204 ..\obj\i2c.o
                0x000000ec                I2C_IRQHandler
 .text.I2CInit  0x000002f0       0xa0 ..\obj\i2c.o
                0x000002f0                I2CInit
 .text.I2CEngine
                0x00000390       0x6c ..\obj\i2c.o
                0x00000390                I2CEngine
 .text.NVIC_EnableIRQ
                0x000003fc       0x2c ..\obj\mpu9150_102.o
 .text.NVIC_SetPriority
                0x00000428       0xe0 ..\obj\mpu9150_102.o
 .text.TIMER32_0_IRQHandler
                0x00000508      0x10c ..\obj\mpu9150_102.o
                0x00000508                TIMER32_0_IRQHandler
 .text.MPU9150_Config
                0x00000614       0x5c ..\obj\mpu9150_102.o
                0x00000614                MPU9150_Config
 .text.MPU9150_Sensing_Start
                0x00000670       0x58 ..\obj\mpu9150_102.o
                0x00000670                MPU9150_Sensing_Start
 .text.MPU9150_DLPF_Config
                0x000006c8       0x48 ..\obj\mpu9150_102.o
                0x000006c8                MPU9150_DLPF_Config
 .text.MPU9150_Gyro_Config
                0x00000710       0x4c ..\obj\mpu9150_102.o
                0x00000710                MPU9150_Gyro_Config
 .text.MPU9150_Accel_Config
                0x0000075c       0x64 ..\obj\mpu9150_102.o
                0x0000075c                MPU9150_Accel_Config
 .text.uart_set_divisors
                0x000007c0      0x17c ..\obj\lpc11xx_uart.o
                0x000007c0                uart_set_divisors
 .text.RS485_Init
                0x0000093c       0xa8 ..\obj\rs485.o
                0x0000093c                RS485_Init
 .text.RS485_SendData
                0x000009e4       0x38 ..\obj\rs485.o
                0x000009e4                RS485_SendData
 .text.RS485_RecvData
                0x00000a1c       0x50 ..\obj\rs485.o
                0x00000a1c                RS485_RecvData
 .text.SystemCoreClockUpdate
                0x00000a6c      0x1d0 ..\obj\system_LPC11xx.o
                0x00000a6c                SystemCoreClockUpdate
 .text.SystemInit
                0x00000c3c       0x9c ..\obj\system_LPC11xx.o
                0x00000c3c                SystemInit
 .text.GPIO_GetPointer
                0x00000cd8       0x5c ..\obj\lpc11xx_gpio.o
 .text.GPIO_SetDir
                0x00000d34       0x64 ..\obj\lpc11xx_gpio.o
                0x00000d34                GPIO_SetDir
 .text.SYSCON_AHBPeriphClockCmd
                0x00000d98       0x58 ..\obj\lpc11xx_syscon.o
                0x00000d98                SYSCON_AHBPeriphClockCmd
 .text.SYSCON_GetUARTClock
                0x00000df0       0x40 ..\obj\lpc11xx_syscon.o
                0x00000df0                SYSCON_GetUARTClock
 .text.IOCON_SetPinFunc
                0x00000e30       0x44 ..\obj\lpc11xx_iocon.o
                0x00000e30                IOCON_SetPinFunc
 .text.IOCON_SetPinMode
                0x00000e74       0x34 ..\obj\lpc11xx_iocon.o
                0x00000e74                IOCON_SetPinMode
 .text.Default_Reset_Handler
                0x00000ea8       0x68 ..\obj\startup_lpc11xx.o
                0x00000ea8                Default_Reset_Handler
                0x00000ea8                Reset_Handler
 .text.Default_Handler
                0x00000f10        0x8 ..\obj\startup_lpc11xx.o
                0x00000f10                TIMER16_0_IRQHandler
                0x00000f10                DebugMon_Handler
                0x00000f10                HardFault_Handler
                0x00000f10                PendSV_Handler
                0x00000f10                NMI_Handler
                0x00000f10                UART_IRQHandler
                0x00000f10                TIMER32_1_IRQHandler
                0x00000f10                UsageFault_Handler
                0x00000f10                PIOINT1_IRQHandler
                0x00000f10                CAN_IRQHandler
                0x00000f10                SSP0_IRQHandler
                0x00000f10                TIMER16_1_IRQHandler
                0x00000f10                USB_FIQHandler
                0x00000f10                ADC_IRQHandler
                0x00000f10                SSP1_IRQHandler
                0x00000f10                PIOINT2_IRQHandler
                0x00000f10                USB_IRQHandler
                0x00000f10                BOD_IRQHandler
                0x00000f10                WAKEUP_IRQHandler
                0x00000f10                PIOINT0_IRQHandler
                0x00000f10                MemManage_Handler
                0x00000f10                WDT_IRQHandler
                0x00000f10                SVC_Handler
                0x00000f10                PIOINT3_IRQHandler
                0x00000f10                BusFault_Handler
                0x00000f10                FMC_IRQHandler
 .text.XAS_In   0x00000f18       0x98 ..\obj\xa_s.o
                0x00000f18                XAS_In
 .text.XAS_Out  0x00000fb0       0x44 ..\obj\xa_s.o
                0x00000fb0                XAS_Out
 .text.XAS_OutERR
                0x00000ff4       0x3c ..\obj\xa_s.o
                0x00000ff4                XAS_OutERR
 .text.main     0x00001030      0x21c ..\obj\main102.o
                0x00001030                main
 .text.NVIC_SetPriority
                0x0000124c       0xe0 ..\obj\systick.o
 .text.SysTick_Config
                0x0000132c       0x4c ..\obj\systick.o
 .text.TimingDelay_Decrement
                0x00001378       0x20 ..\obj\systick.o
 .text.SysTickInit
                0x00001398       0x40 ..\obj\systick.o
                0x00001398                SysTickInit
 .text._delay_ms
                0x000013d8       0x24 ..\obj\systick.o
                0x000013d8                _delay_ms
 .text._delay_us
                0x000013fc       0x2c ..\obj\systick.o
                0x000013fc                _delay_us
 .text.SysTick_Handler
                0x00001428       0x1c ..\obj\systick.o
                0x00001428                SysTick_Handler
 .text          0x00001444       0x9c c:/program files (x86)/gnu tools arm embedded/4.7 2013q3/bin/../lib/gcc/arm-none-eabi/4.7.4/armv6-m\libgcc.a(_udivsi3.o)
                0x00001444                __aeabi_uidiv
                0x00001444                __udivsi3
                0x000014cc                __aeabi_uidivmod
 .text          0x000014e0        0x4 c:/program files (x86)/gnu tools arm embedded/4.7 2013q3/bin/../lib/gcc/arm-none-eabi/4.7.4/armv6-m\libgcc.a(_dvmd_tls.o)
                0x000014e0                __aeabi_idiv0
                0x000014e0                __aeabi_ldiv0
 *(.glue_7t)
 .glue_7t       0x00000000        0x0 linker stubs
 *(.glue_7)
 .glue_7        0x00000000        0x0 linker stubs
 *(.rodata .rodata* .gnu.linkonce.r.*)
 .rodata        0x000014e4      0x144 ..\obj\i2c.o
 .rodata        0x00001628       0x40 ..\obj\system_LPC11xx.o

.vfp11_veneer   0x00001668        0x0
 .vfp11_veneer  0x00000000        0x0 linker stubs

.v4_bx          0x00001668        0x0
 .v4_bx         0x00000000        0x0 linker stubs

.iplt           0x00001668        0x0
 .iplt          0x00000000        0x0 ..\obj\lpc11xx_ssp.o

.rel.dyn        0x00001668        0x0
 .rel.iplt      0x00000000        0x0 ..\obj\lpc11xx_ssp.o

.ARM.extab
 *(.ARM.extab* .gnu.linkonce.armextab.*)
                0x00001668                __exidx_start = .

.ARM.exidx
 *(.ARM.exidx* .gnu.linkonce.armexidx.*)
                0x00001668                __exidx_end = .
                0x00001668                . = ALIGN (0x4)
                0x00001668                _etext = .
                0x00001668                _sidata = .

.data           0x10000000        0x8 load address 0x00001668
                0x10000000                _sdata = .
 *(.data .data.*)
 .data          0x10000000        0x4 ..\obj\mpu9150_102.o
 .data          0x10000004        0x4 ..\obj\system_LPC11xx.o
                0x10000004                SystemCoreClock
                0x10000008                . = ALIGN (0x4)
                0x10000008                _edata = .

.igot.plt       0x10000008        0x0 load address 0x00001670
 .igot.plt      0x00000000        0x0 ..\obj\lpc11xx_ssp.o

.bss            0x10000008       0xb8 load address 0x00001670
                0x10000008                _sbss = .
 *(.bss .bss.*)
 .bss           0x10000008       0x18 ..\obj\i2c.o
                0x10000008                I2CMasterState
                0x1000000c                I2CSlaveState
                0x10000010                timeout
                0x10000014                I2CCount
                0x10000018                RdIndex
                0x1000001c                WrIndex
 *(COMMON)
 COMMON         0x10000020       0x88 ..\obj\i2c.o
                0x10000020                I2CReadLength
                0x10000024                I2CSlaveBuffer
                0x10000064                I2CMasterBuffer
                0x100000a4                I2CWriteLength
 COMMON         0x100000a8        0xe ..\obj\mpu9150_102.o
                0x100000a8                accel
                0x100000b0                gyro
 *fill*         0x100000b6        0x2 00
 COMMON         0x100000b8        0x8 ..\obj\systick.o
                0x100000b8                TimingDelay
                0x100000bc                SystemTimer_ms
                0x100000c0                . = ALIGN (0x4)
                0x100000c0                _ebss = .

.co_stack       0x100000c0      0x400 load address 0x00001728
                0x100000c0                . = ALIGN (0x8)
 *(.co_stack .co_stack.*)
 .co_stack      0x100000c0      0x400 ..\obj\startup_lpc11xx.o
                0x100000c0                pulStack
                0x100004c0                . = ALIGN (0x4)
                0x100004c0                _end = .
LOAD ..\obj\lpc11xx_ssp.o
LOAD ..\obj\spi.o
LOAD ..\obj\i2c.o
LOAD ..\obj\mpu9150_101.o
LOAD ..\obj\mpu9150_102.o
LOAD ..\obj\lpc11xx_uart.o
LOAD ..\obj\rs485.o
LOAD ..\obj\uart.o
LOAD ..\obj\system_LPC11xx.o
LOAD ..\obj\lpc11xx_tmr.o
LOAD ..\obj\lpc11xx_gpio.o
LOAD ..\obj\xprintf.o
LOAD ..\obj\lpc11xx_syscon.o
LOAD ..\obj\lpc11xx_iocon.o
LOAD ..\obj\adc.o
LOAD ..\obj\lpc11xx_adc.o
LOAD ..\obj\startup_lpc11xx.o
LOAD ..\obj\main100.o
LOAD ..\obj\xa_s.o
LOAD ..\obj\main101.o
LOAD ..\obj\main102.o
LOAD ..\obj\oled_SSD1306.o
LOAD ..\obj\systick.o
START GROUP
LOAD c:/program files (x86)/gnu tools arm embedded/4.7 2013q3/bin/../lib/gcc/arm-none-eabi/4.7.4/armv6-m\libgcc.a
LOAD c:/program files (x86)/gnu tools arm embedded/4.7 2013q3/bin/../lib/gcc/arm-none-eabi/4.7.4/../../../../arm-none-eabi/lib/armv6-m\libg.a
LOAD c:/program files (x86)/gnu tools arm embedded/4.7 2013q3/bin/../lib/gcc/arm-none-eabi/4.7.4/../../../../arm-none-eabi/lib/armv6-m\libc.a
END GROUP
OUTPUT(nine-axis-sensor.elf elf32-littlearm)

.debug_info     0x00000000     0x64f4
 .debug_info    0x00000000      0xc9b ..\obj\i2c.o
 .debug_info    0x00000c9b      0x8bc ..\obj\mpu9150_102.o
 .debug_info    0x00001557     0x16d6 ..\obj\lpc11xx_uart.o
 .debug_info    0x00002c2d      0xcbb ..\obj\rs485.o
 .debug_info    0x000038e8      0x55b ..\obj\system_LPC11xx.o
 .debug_info    0x00003e43      0x7c6 ..\obj\lpc11xx_gpio.o
 .debug_info    0x00004609      0xc3a ..\obj\lpc11xx_syscon.o
 .debug_info    0x00005243      0x609 ..\obj\lpc11xx_iocon.o
 .debug_info    0x0000584c      0x118 ..\obj\startup_lpc11xx.o
 .debug_info    0x00005964      0x185 ..\obj\xa_s.o
 .debug_info    0x00005ae9      0x4ae ..\obj\main102.o
 .debug_info    0x00005f97      0x55d ..\obj\systick.o

.debug_abbrev   0x00000000     0x11d0
 .debug_abbrev  0x00000000      0x1d7 ..\obj\i2c.o
 .debug_abbrev  0x000001d7      0x1d3 ..\obj\mpu9150_102.o
 .debug_abbrev  0x000003aa      0x27e ..\obj\lpc11xx_uart.o
 .debug_abbrev  0x00000628      0x1c9 ..\obj\rs485.o
 .debug_abbrev  0x000007f1       0xd6 ..\obj\system_LPC11xx.o
 .debug_abbrev  0x000008c7      0x21e ..\obj\lpc11xx_gpio.o
 .debug_abbrev  0x00000ae5      0x1de ..\obj\lpc11xx_syscon.o
 .debug_abbrev  0x00000cc3       0xe1 ..\obj\lpc11xx_iocon.o
 .debug_abbrev  0x00000da4       0xa9 ..\obj\startup_lpc11xx.o
 .debug_abbrev  0x00000e4d       0x94 ..\obj\xa_s.o
 .debug_abbrev  0x00000ee1      0x149 ..\obj\main102.o
 .debug_abbrev  0x0000102a      0x1a6 ..\obj\systick.o

.debug_loc      0x00000000     0x1a1e
 .debug_loc     0x00000000      0x138 ..\obj\i2c.o
 .debug_loc     0x00000138      0x1c8 ..\obj\mpu9150_102.o
 .debug_loc     0x00000300      0x66e ..\obj\lpc11xx_uart.o
 .debug_loc     0x0000096e      0x150 ..\obj\rs485.o
 .debug_loc     0x00000abe       0x70 ..\obj\system_LPC11xx.o
 .debug_loc     0x00000b2e      0x2d8 ..\obj\lpc11xx_gpio.o
 .debug_loc     0x00000e06      0x76c ..\obj\lpc11xx_syscon.o
 .debug_loc     0x00001572      0x1c0 ..\obj\lpc11xx_iocon.o
 .debug_loc     0x00001732       0x64 ..\obj\startup_lpc11xx.o
 .debug_loc     0x00001796       0xa8 ..\obj\xa_s.o
 .debug_loc     0x0000183e       0x38 ..\obj\main102.o
 .debug_loc     0x00001876      0x1a8 ..\obj\systick.o

.debug_aranges  0x00000000      0x4f8
 .debug_aranges
                0x00000000       0x48 ..\obj\i2c.o
 .debug_aranges
                0x00000048       0x60 ..\obj\mpu9150_102.o
 .debug_aranges
                0x000000a8      0x108 ..\obj\lpc11xx_uart.o
 .debug_aranges
                0x000001b0       0x48 ..\obj\rs485.o
 .debug_aranges
                0x000001f8       0x28 ..\obj\system_LPC11xx.o
 .debug_aranges
                0x00000220       0x80 ..\obj\lpc11xx_gpio.o
 .debug_aranges
                0x000002a0      0x130 ..\obj\lpc11xx_syscon.o
 .debug_aranges
                0x000003d0       0x58 ..\obj\lpc11xx_iocon.o
 .debug_aranges
                0x00000428       0x28 ..\obj\startup_lpc11xx.o
 .debug_aranges
                0x00000450       0x30 ..\obj\xa_s.o
 .debug_aranges
                0x00000480       0x20 ..\obj\main102.o
 .debug_aranges
                0x000004a0       0x58 ..\obj\systick.o

.debug_ranges   0x00000000      0x438
 .debug_ranges  0x00000000       0x38 ..\obj\i2c.o
 .debug_ranges  0x00000038       0x50 ..\obj\mpu9150_102.o
 .debug_ranges  0x00000088       0xf8 ..\obj\lpc11xx_uart.o
 .debug_ranges  0x00000180       0x38 ..\obj\rs485.o
 .debug_ranges  0x000001b8       0x18 ..\obj\system_LPC11xx.o
 .debug_ranges  0x000001d0       0x70 ..\obj\lpc11xx_gpio.o
 .debug_ranges  0x00000240      0x120 ..\obj\lpc11xx_syscon.o
 .debug_ranges  0x00000360       0x48 ..\obj\lpc11xx_iocon.o
 .debug_ranges  0x000003a8       0x18 ..\obj\startup_lpc11xx.o
 .debug_ranges  0x000003c0       0x20 ..\obj\xa_s.o
 .debug_ranges  0x000003e0       0x10 ..\obj\main102.o
 .debug_ranges  0x000003f0       0x48 ..\obj\systick.o

.debug_line     0x00000000     0x26e8
 .debug_line    0x00000000      0x3c6 ..\obj\i2c.o
 .debug_line    0x000003c6      0x3bb ..\obj\mpu9150_102.o
 .debug_line    0x00000781      0x61d ..\obj\lpc11xx_uart.o
 .debug_line    0x00000d9e      0x3c6 ..\obj\rs485.o
 .debug_line    0x00001164      0x1b3 ..\obj\system_LPC11xx.o
 .debug_line    0x00001317      0x3d7 ..\obj\lpc11xx_gpio.o
 .debug_line    0x000016ee      0x571 ..\obj\lpc11xx_syscon.o
 .debug_line    0x00001c5f      0x2c9 ..\obj\lpc11xx_iocon.o
 .debug_line    0x00001f28       0xdd ..\obj\startup_lpc11xx.o
 .debug_line    0x00002005      0x10a ..\obj\xa_s.o
 .debug_line    0x0000210f      0x26c ..\obj\main102.o
 .debug_line    0x0000237b      0x36d ..\obj\systick.o

.debug_str      0x00000000     0x22f3
 .debug_str     0x00000000      0x8c7 ..\obj\i2c.o
                                0x94b (size before relaxing)
 .debug_str     0x000008c7      0x1f6 ..\obj\mpu9150_102.o
                                0x60d (size before relaxing)
 .debug_str     0x00000abd      0x99b ..\obj\lpc11xx_uart.o
                                0xf2f (size before relaxing)
 .debug_str     0x00001458      0x10d ..\obj\rs485.o
                                0x919 (size before relaxing)
 .debug_str     0x00001565       0xa6 ..\obj\system_LPC11xx.o
                                0x479 (size before relaxing)
 .debug_str     0x0000160b      0x1f8 ..\obj\lpc11xx_gpio.o
                                0x595 (size before relaxing)
 .debug_str     0x00001803      0x435 ..\obj\lpc11xx_syscon.o
                                0x852 (size before relaxing)
 .debug_str     0x00001c38      0x1c2 ..\obj\lpc11xx_iocon.o
                                0x4f3 (size before relaxing)
 .debug_str     0x00001dfa       0xf3 ..\obj\startup_lpc11xx.o
                                0x157 (size before relaxing)
 .debug_str     0x00001eed       0xa8 ..\obj\xa_s.o
                                0x188 (size before relaxing)
 .debug_str     0x00001f95      0x254 ..\obj\main102.o
                                0x3c7 (size before relaxing)
 .debug_str     0x000021e9      0x10a ..\obj\systick.o
                                0x4b4 (size before relaxing)

.comment        0x00000000       0x70
 .comment       0x00000000       0x70 ..\obj\i2c.o
                                 0x71 (size before relaxing)
 .comment       0x00000000       0x71 ..\obj\mpu9150_102.o
 .comment       0x00000000       0x71 ..\obj\lpc11xx_uart.o
 .comment       0x00000000       0x71 ..\obj\rs485.o
 .comment       0x00000000       0x71 ..\obj\system_LPC11xx.o
 .comment       0x00000000       0x71 ..\obj\lpc11xx_gpio.o
 .comment       0x00000000       0x71 ..\obj\lpc11xx_syscon.o
 .comment       0x00000000       0x71 ..\obj\lpc11xx_iocon.o
 .comment       0x00000000       0x71 ..\obj\startup_lpc11xx.o
 .comment       0x00000000       0x71 ..\obj\xa_s.o
 .comment       0x00000000       0x71 ..\obj\main102.o
 .comment       0x00000000       0x71 ..\obj\systick.o

.ARM.attributes
                0x00000000       0x31
 .ARM.attributes
                0x00000000       0x31 ..\obj\i2c.o
 .ARM.attributes
                0x00000031       0x31 ..\obj\mpu9150_102.o
 .ARM.attributes
                0x00000062       0x31 ..\obj\lpc11xx_uart.o
 .ARM.attributes
                0x00000093       0x31 ..\obj\rs485.o
 .ARM.attributes
                0x000000c4       0x31 ..\obj\system_LPC11xx.o
 .ARM.attributes
                0x000000f5       0x31 ..\obj\lpc11xx_gpio.o
 .ARM.attributes
                0x00000126       0x31 ..\obj\lpc11xx_syscon.o
 .ARM.attributes
                0x00000157       0x31 ..\obj\lpc11xx_iocon.o
 .ARM.attributes
                0x00000188       0x31 ..\obj\startup_lpc11xx.o
 .ARM.attributes
                0x000001b9       0x31 ..\obj\xa_s.o
 .ARM.attributes
                0x000001ea       0x31 ..\obj\main102.o
 .ARM.attributes
                0x0000021b       0x31 ..\obj\systick.o
 .ARM.attributes
                0x0000024c       0x1e c:/program files (x86)/gnu tools arm embedded/4.7 2013q3/bin/../lib/gcc/arm-none-eabi/4.7.4/armv6-m\libgcc.a(_udivsi3.o)
 .ARM.attributes
                0x0000026a       0x1e c:/program files (x86)/gnu tools arm embedded/4.7 2013q3/bin/../lib/gcc/arm-none-eabi/4.7.4/armv6-m\libgcc.a(_dvmd_tls.o)

.debug_frame    0x00000000     0x1008
 .debug_frame   0x00000000       0xc8 ..\obj\i2c.o
 .debug_frame   0x000000c8      0x128 ..\obj\mpu9150_102.o
 .debug_frame   0x000001f0      0x3c4 ..\obj\lpc11xx_uart.o
 .debug_frame   0x000005b4       0xd0 ..\obj\rs485.o
 .debug_frame   0x00000684       0x50 ..\obj\system_LPC11xx.o
 .debug_frame   0x000006d4      0x1b0 ..\obj\lpc11xx_gpio.o
 .debug_frame   0x00000884      0x45c ..\obj\lpc11xx_syscon.o
 .debug_frame   0x00000ce0      0x110 ..\obj\lpc11xx_iocon.o
 .debug_frame   0x00000df0       0x4c ..\obj\startup_lpc11xx.o
 .debug_frame   0x00000e3c       0x70 ..\obj\xa_s.o
 .debug_frame   0x00000eac       0x30 ..\obj\main102.o
 .debug_frame   0x00000edc      0x10c ..\obj\systick.o
 .debug_frame   0x00000fe8       0x20 c:/program files (x86)/gnu tools arm embedded/4.7 2013q3/bin/../lib/gcc/arm-none-eabi/4.7.4/armv6-m\libgcc.a(_udivsi3.o)
